2026-08-15 12:43:07,112 - INFO - ======================================================================
2026-08-15 12:43:07,112 - INFO - 🤖 BOT RESPONDER VENDEDORES INICIANDO
2026-08-15 12:43:07,113 - INFO - ======================================================================
2026-08-15 12:43:07,113 - INFO - URL: http://localhost:5000/webhook
2026-08-15 12:43:07,113 - INFO - Palabra clave: "resumen"
2026-08-15 12:43:07,113 - INFO - VERIFY_TOKEN actual: tu_token_verificacion_seguro
2026-08-15 12:43:07,113 - INFO - ======================================================================
2026-08-15 12:43:07,160 - INFO - [31m[1mWARNING: This is a development server. Do not use it in a production deployment. Use a production WSGI server instead.[0m
 * Running on all addresses (0.0.0.0)
 * Running on http://127.0.0.1:5000
 * Running on http://192.168.0.102:5000
2026-08-15 12:43:07,160 - INFO - [33mPress CTRL+C to quit[0m
2026-08-15 12:43:07,162 - INFO -  * Restarting with stat
2026-08-15 12:43:07,850 - INFO - ======================================================================
2026-08-15 12:43:07,850 - INFO - 🤖 BOT RESPONDER VENDEDORES INICIANDO
2026-08-15 12:43:07,851 - INFO - ======================================================================
2026-08-15 12:43:07,851 - INFO - URL: http://localhost:5000/webhook
2026-08-15 12:43:07,851 - INFO - Palabra clave: "resumen"
2026-08-15 12:43:07,851 - INFO - VERIFY_TOKEN actual: tu_token_verificacion_seguro
2026-08-15 12:43:07,851 - INFO - ======================================================================
2026-08-15 12:43:07,885 - WARNING -  * Debugger is active!
2026-08-15 12:43:07,888 - INFO -  * Debugger PIN: 127-441-620
